// Jest Snapshot v1, https://goo.gl/fbAQLP

exports[`QuestionnaireCard component QuestionnaireCard snapshot 1`] = `
<div>
  <div
    class="cardContainer"
  >
    <a
      class="card theme_light"
      href="/questionnaire/1"
    >
      <h2
        class="label"
      >
        QuestionLabel
      </h2>
      <div
        class="body"
      >
         
        <div
          class="body theme_light"
        >
          <div>
            TestTag
          </div>
        </div>
         
      </div>
    </a>
    <div
      class="adminBar"
    >
      <a
        class="button"
        href="/edit/1"
      >
        o
      </a>
      <button
        class="body theme_light button"
      >
        x
      </button>
    </div>
  </div>
</div>
`;
