// Jest Snapshot v1, https://goo.gl/fbAQLP

exports[`QuestionnaireCard component QuestionnaireCard snapshot 1`] = `
<div>
  <a
    class="body theme_light"
    href="/questionnaire/1"
  >
    <h2
      class="label"
    >
      QuestionLabel
    </h2>
    <div
      class="body"
    >
       
      <div
        class="body theme_light"
      >
        <div>
          TestTag
        </div>
      </div>
       
    </div>
  </a>
</div>
`;
