// Jest Snapshot v1, https://goo.gl/fbAQLP

exports[`Header/Menu component Menu snapshot 1`] = `
<div>
  <div
    class="Menu theme_light"
  >
    <button
      class="Button BurgerMenuButton theme_light theme_light"
    >
      <div
        class="icon"
      />
    </button>
    <div
      class="container"
    >
      <nav
        class="Navigation"
      >
        <a
          class="link"
          href="/"
        >
          Главная
        </a>
        <a
          class="link"
          href="/questionnaires"
        >
          Опросы
        </a>
        <a
          class="link"
          href="/tags"
        >
          Тэги
        </a>
      </nav>
      <div
        class="bar"
      >
        <button
          class="Button body theme_light theme_light"
        />
        <div
          class="UserPanel"
        >
          <button
            class="Button theme_light"
          >
            Войти
          </button>
        </div>
      </div>
    </div>
  </div>
</div>
`;
