// Jest Snapshot v1, https://goo.gl/fbAQLP

exports[`TagGallery component TagGallery empty snapshot 1`] = `
<div>
  <div>
    <div
      class="TagGallery"
    >
      <div
        class="SettingsBar settings"
      >
        <input
          class="Input TextInput search theme_light"
          maxlength="50"
          name="search"
          placeholder="Поиск..."
          type="text"
          value=""
        />
        <select
          class="Select theme_light"
          name="sortby"
        >
          <option
            selected=""
            value="NO_SORT"
          >
            Не сортировать
          </option>
          <option
            value="ALPHABET"
          >
            По названию (А-Я)
          </option>
          <option
            value="REVERSE_ALPHABET"
          >
            По названию (Я-А)
          </option>
          <option
            value="FREQUENCY"
          >
            По частоте
          </option>
        </select>
      </div>
      <p
        class="prompt"
      >
        По запросу ничего не найдено.
      </p>
      <div
        class="tags"
      />
    </div>
  </div>
</div>
`;

exports[`TagGallery component TagGallery fillfull snapshot 1`] = `
<div>
  <div
    class="gallery"
  >
    <div
      class="widget addTagWidget"
    >
      <button
        class="body theme_light focusButton"
      >
        +
      </button>
    </div>
    <div
      class="tagContainer"
    >
      <div
        class="body theme_light"
      >
        <div>
          tag0
        </div>
        <div
          class="freq freq_theme_light"
        >
          99
        </div>
      </div>
      <button
        class="body theme_light removeTagButton"
      >
        x
      </button>
    </div>
    <div
      class="tagContainer"
    >
      <div
        class="body theme_light"
      >
        <div>
          tag1
        </div>
        <div
          class="freq freq_theme_light"
        >
          1
        </div>
      </div>
      <button
        class="body theme_light removeTagButton"
      >
        x
      </button>
    </div>
    <div
      class="tagContainer"
    >
      <div
        class="body theme_light"
      >
        <div>
          tag2
        </div>
        <div
          class="freq freq_theme_light"
        >
          205
        </div>
      </div>
      <button
        class="body theme_light removeTagButton"
      >
        x
      </button>
    </div>
  </div>
</div>
`;
