// Jest Snapshot v1, https://goo.gl/fbAQLP

exports[`QuestionnaireCard component QuestionnaireCard snapshot 1`] = `
<div>
  <div
    class="QuestionnaireCard theme_light"
  >
    <h2
      class="label"
    >
      QuestionLabel
    </h2>
    <div
      class="TagBar"
    >
      <div
        class="Tag theme_light"
      >
        <div>
          TestTag
        </div>
        <div
          class="frequency"
        >
          7
        </div>
      </div>
    </div>
  </div>
</div>
`;
