// Jest Snapshot v1, https://goo.gl/fbAQLP

exports[`Header component Header snapshot 1`] = `
<div>
  <header
    class="body theme_light"
  >
    <div
      class="wrapper wrapper"
    >
      <div
        class="logo"
      >
        Questions!
      </div>
      <div
        class="body"
      >
        <div
          class="interactive theme_light"
        >
          <nav
            class="body"
          >
            <a
              class="link"
              href="/"
            >
              Главная
            </a>
            <a
              class="link"
              href="/questionnaires"
            >
              Опросы
            </a>
            <a
              class="link"
              href="/tags"
            >
              Тэги
            </a>
          </nav>
          <div
            class="meta"
          >
            <button
              class="body theme_light body"
            >
              <img
                alt="switch theme"
                class="icon"
                src="light-mode-icon.svg"
              />
            </button>
            <div
              class="body"
            >
              <button
                class="body theme_light"
              >
                Войти
              </button>
            </div>
          </div>
        </div>
        <button
          class="body theme_light body"
        >
          <div
            class="icon theme_light"
          />
        </button>
      </div>
    </div>
  </header>
</div>
`;
