// Jest Snapshot v1, https://goo.gl/fbAQLP

exports[`TagBar component TagBar snapshot 1`] = `
<div>
  <div
    class="TagBar"
  >
    <div
      class="Tag theme_light"
    >
      <div>
        TestTag1
      </div>
      <div
        class="frequency"
      >
        7
      </div>
    </div>
    <div
      class="Tag theme_light"
    >
      <div>
        TestTag2
      </div>
      <div
        class="frequency"
      >
        7
      </div>
    </div>
    <div
      class="Tag theme_light"
    >
      <div>
        TestTag3
      </div>
      <div
        class="frequency"
      >
        7
      </div>
    </div>
  </div>
</div>
`;
